{
  "version": "1.5.0",
  "plugins_used": [
    {
      "name": "ArtifactoryDetector"
    },
    {
      "name": "AWSKeyDetector"
    },
    {
      "name": "AzureStorageKeyDetector"
    },
    {
      "name": "Base64HighEntropyString",
      "limit": 4.5
    },
    {
      "name": "BasicAuthDetector"
    },
    {
      "name": "CloudantDetector"
    },
    {
      "name": "DiscordBotTokenDetector"
    },
    {
      "name": "GitHubTokenDetector"
    },
    {
      "name": "GitLabTokenDetector"
    },
    {
      "name": "HexHighEntropyString",
      "limit": 3.0
    },
    {
      "name": "IbmCloudIamDetector"
    },
    {
      "name": "IbmCosHmacDetector"
    },
    {
      "name": "IPPublicDetector"
    },
    {
      "name": "JwtTokenDetector"
    },
    {
      "name": "KeywordDetector",
      "keyword_exclude": ""
    },
    {
      "name": "MailchimpDetector"
    },
    {
      "name": "NpmDetector"
    },
    {
      "name": "OpenAIDetector"
    },
    {
      "name": "PrivateKeyDetector"
    },
    {
      "name": "PypiTokenDetector"
    },
    {
      "name": "SendGridDetector"
    },
    {
      "name": "SlackDetector"
    },
    {
      "name": "SoftlayerDetector"
    },
    {
      "name": "SquareOAuthDetector"
    },
    {
      "name": "StripeDetector"
    },
    {
      "name": "TelegramBotTokenDetector"
    },
    {
      "name": "TwilioKeyDetector"
    }
  ],
  "filters_used": [
    {
      "path": "detect_secrets.filters.allowlist.is_line_allowlisted"
    },
    {
      "path": "detect_secrets.filters.common.is_baseline_file",
      "filename": "/Users/lwgray/dev/marcus/.secrets.baseline"
    },
    {
      "path": "detect_secrets.filters.common.is_ignored_due_to_verification_policies",
      "min_level": 2
    },
    {
      "path": "detect_secrets.filters.heuristic.is_indirect_reference"
    },
    {
      "path": "detect_secrets.filters.heuristic.is_likely_id_string"
    },
    {
      "path": "detect_secrets.filters.heuristic.is_lock_file"
    },
    {
      "path": "detect_secrets.filters.heuristic.is_not_alphanumeric_string"
    },
    {
      "path": "detect_secrets.filters.heuristic.is_potential_uuid"
    },
    {
      "path": "detect_secrets.filters.heuristic.is_prefixed_with_dollar_sign"
    },
    {
      "path": "detect_secrets.filters.heuristic.is_sequential_string"
    },
    {
      "path": "detect_secrets.filters.heuristic.is_swagger_file"
    },
    {
      "path": "detect_secrets.filters.heuristic.is_templated_secret"
    }
  ],
  "results": {
    "config_marcus.local.example.json": [
      {
        "type": "Secret Keyword",
        "filename": "config_marcus.local.example.json",
        "hashed_secret": "89e495e7941cf9e40e6980d14a16bf023ccd4c91",
        "is_verified": false,
        "line_number": 15
      }
    ],
    "examples/multi_agent_demo/implementation/.env.example": [
      {
        "type": "Basic Auth Credentials",
        "filename": "examples/multi_agent_demo/implementation/.env.example",
        "hashed_secret": "5baa61e4c9b93f3f0682250b6cf8331b7ee68fd8",
        "is_verified": false,
        "line_number": 2
      }
    ],
    "mlruns/.trash/106119084101061224/341c57c354ed41d4b66c9ccecea7e955/meta.yaml": [
      {
        "type": "Base64 High Entropy String",
        "filename": "mlruns/.trash/106119084101061224/341c57c354ed41d4b66c9ccecea7e955/meta.yaml",
        "hashed_secret": "9f7a70dc4ac9d64d153c3a4bbe8f48f0bb675478",
        "is_verified": false,
        "line_number": 1
      }
    ],
    "mlruns/.trash/518896495590784524/02323d80824b472fb545abe64b3c7fd7/meta.yaml": [
      {
        "type": "Base64 High Entropy String",
        "filename": "mlruns/.trash/518896495590784524/02323d80824b472fb545abe64b3c7fd7/meta.yaml",
        "hashed_secret": "7a6f23e3d2b267bb9b56ae7172a30e5243718d0f",
        "is_verified": false,
        "line_number": 1
      }
    ],
    "mlruns/.trash/626230818613510182/2542028ac70d4cd4bd3e150d561ebe46/meta.yaml": [
      {
        "type": "Base64 High Entropy String",
        "filename": "mlruns/.trash/626230818613510182/2542028ac70d4cd4bd3e150d561ebe46/meta.yaml",
        "hashed_secret": "f242b55a7707860299b7daebd9c259478cdeffd0",
        "is_verified": false,
        "line_number": 1
      }
    ],
    "mlruns/.trash/626230818613510182/df0883a18b65486ea3efd6bbe70fa63a/meta.yaml": [
      {
        "type": "Base64 High Entropy String",
        "filename": "mlruns/.trash/626230818613510182/df0883a18b65486ea3efd6bbe70fa63a/meta.yaml",
        "hashed_secret": "7a2d218c0582dd9b7237fc6f4e6ff146b002c33b",
        "is_verified": false,
        "line_number": 1
      }
    ],
    "mlruns/.trash/626230818613510182/ee2cf9dbfb5447e189dda269830c79cf/meta.yaml": [
      {
        "type": "Base64 High Entropy String",
        "filename": "mlruns/.trash/626230818613510182/ee2cf9dbfb5447e189dda269830c79cf/meta.yaml",
        "hashed_secret": "e0ba39acdc4fb34c8fe50f2003ff2a4c673370ce",
        "is_verified": false,
        "line_number": 1
      }
    ],
    "mlruns/.trash/990840860305183151/38b2064b9e4945da84036559671ff71b/meta.yaml": [
      {
        "type": "Base64 High Entropy String",
        "filename": "mlruns/.trash/990840860305183151/38b2064b9e4945da84036559671ff71b/meta.yaml",
        "hashed_secret": "921a7bf812c1cd7306b4915bf26eddc5bc365f7d",
        "is_verified": false,
        "line_number": 1
      }
    ],
    "mlruns/512130986809412513/4328e740c3524ba98d98f8a12d931eff/meta.yaml": [
      {
        "type": "Base64 High Entropy String",
        "filename": "mlruns/512130986809412513/4328e740c3524ba98d98f8a12d931eff/meta.yaml",
        "hashed_secret": "a429e6f82470f71b692a13897e3ef40de3bc180b",
        "is_verified": false,
        "line_number": 1
      }
    ],
    "mlruns/512130986809412513/ba013b76b9614264a8a980e36d6099d5/meta.yaml": [
      {
        "type": "Base64 High Entropy String",
        "filename": "mlruns/512130986809412513/ba013b76b9614264a8a980e36d6099d5/meta.yaml",
        "hashed_secret": "82eed3c10c29672acea6d0aeb341db818be4d718",
        "is_verified": false,
        "line_number": 1
      }
    ],
    "projects/time/ARCHITECTURE.md": [
      {
        "type": "Secret Keyword",
        "filename": "projects/time/ARCHITECTURE.md",
        "hashed_secret": "72559b51f94a7a3ad058c5740cbe2f7cb0d4080b",
        "is_verified": false,
        "line_number": 536
      }
    ],
    "projects/time/PERFORMANCE_REQUIREMENTS.md": [
      {
        "type": "Basic Auth Credentials",
        "filename": "projects/time/PERFORMANCE_REQUIREMENTS.md",
        "hashed_secret": "9d4e1e23bd5b727046a9e3b4b7db57bd8d6ee684",
        "is_verified": false,
        "line_number": 406
      },
      {
        "type": "Secret Keyword",
        "filename": "projects/time/PERFORMANCE_REQUIREMENTS.md",
        "hashed_secret": "382caa7c44ee23ee25616f7e303af33c591efc3a",
        "is_verified": false,
        "line_number": 510
      }
    ],
    "projects/time/docs/api/api_specifications.md": [
      {
        "type": "Secret Keyword",
        "filename": "projects/time/docs/api/api_specifications.md",
        "hashed_secret": "72559b51f94a7a3ad058c5740cbe2f7cb0d4080b",
        "is_verified": false,
        "line_number": 89
      },
      {
        "type": "Secret Keyword",
        "filename": "projects/time/docs/api/api_specifications.md",
        "hashed_secret": "f9adc2a5795757efc547ecffe3e7b2736041e561",
        "is_verified": false,
        "line_number": 226
      },
      {
        "type": "Secret Keyword",
        "filename": "projects/time/docs/api/api_specifications.md",
        "hashed_secret": "2635cfb26a9c6a74dde1701ea01dd842d1243178",
        "is_verified": false,
        "line_number": 227
      }
    ],
    "projects/time/docs/design/task_management_design.md": [
      {
        "type": "Secret Keyword",
        "filename": "projects/time/docs/design/task_management_design.md",
        "hashed_secret": "57e4e8eab6582087c1c0914e04909e811abd84fc",
        "is_verified": false,
        "line_number": 459
      }
    ],
    "projects/time/docs/implementation_guide.md": [
      {
        "type": "Secret Keyword",
        "filename": "projects/time/docs/implementation_guide.md",
        "hashed_secret": "72559b51f94a7a3ad058c5740cbe2f7cb0d4080b",
        "is_verified": false,
        "line_number": 628
      },
      {
        "type": "Secret Keyword",
        "filename": "projects/time/docs/implementation_guide.md",
        "hashed_secret": "9da133c45f71d2bb9d5eb7cfa6fce7cdb6a215b5",
        "is_verified": false,
        "line_number": 688
      }
    ],
    "projects/time/docs/specifications/technical_specification.md": [
      {
        "type": "Basic Auth Credentials",
        "filename": "projects/time/docs/specifications/technical_specification.md",
        "hashed_secret": "9d4e1e23bd5b727046a9e3b4b7db57bd8d6ee684",
        "is_verified": false,
        "line_number": 1105
      }
    ],
    "projects/time/docs/specifications/technical_specifications.md": [
      {
        "type": "Secret Keyword",
        "filename": "projects/time/docs/specifications/technical_specifications.md",
        "hashed_secret": "29b8dca3de5ff27bcf8bd3b622adf9970f29381c",
        "is_verified": false,
        "line_number": 562
      },
      {
        "type": "Basic Auth Credentials",
        "filename": "projects/time/docs/specifications/technical_specifications.md",
        "hashed_secret": "9d4e1e23bd5b727046a9e3b4b7db57bd8d6ee684",
        "is_verified": false,
        "line_number": 868
      }
    ],
    "src/enhancements/configurable_pm_agent.py": [
      {
        "type": "Secret Keyword",
        "filename": "src/enhancements/configurable_pm_agent.py",
        "hashed_secret": "a616a64c0fbc30f12287d0f24f3b90dd2e6a206e",
        "is_verified": false,
        "line_number": 64
      },
      {
        "type": "Secret Keyword",
        "filename": "src/enhancements/configurable_pm_agent.py",
        "hashed_secret": "ecb252044b5ea0f679ee78ec1a12904739e2904d",
        "is_verified": false,
        "line_number": 109
      }
    ],
    "src/integrations/kanban_client.py": [
      {
        "type": "Secret Keyword",
        "filename": "src/integrations/kanban_client.py",
        "hashed_secret": "89e495e7941cf9e40e6980d14a16bf023ccd4c91",
        "is_verified": false,
        "line_number": 110
      }
    ],
    "src/integrations/kanban_client_with_create.py": [
      {
        "type": "Secret Keyword",
        "filename": "src/integrations/kanban_client_with_create.py",
        "hashed_secret": "89e495e7941cf9e40e6980d14a16bf023ccd4c91",
        "is_verified": false,
        "line_number": 46
      }
    ],
    "tests/REAL_TESTS_README.md": [
      {
        "type": "Secret Keyword",
        "filename": "tests/REAL_TESTS_README.md",
        "hashed_secret": "11fa7c37d697f30e6aee828b4426a10f83ab2380",
        "is_verified": false,
        "line_number": 17
      }
    ],
    "tests/conftest.py": [
      {
        "type": "Secret Keyword",
        "filename": "tests/conftest.py",
        "hashed_secret": "89e495e7941cf9e40e6980d14a16bf023ccd4c91",
        "is_verified": false,
        "line_number": 88
      }
    ],
    "tests/fixtures/fixtures_integration.py": [
      {
        "type": "Secret Keyword",
        "filename": "tests/fixtures/fixtures_integration.py",
        "hashed_secret": "89e495e7941cf9e40e6980d14a16bf023ccd4c91",
        "is_verified": false,
        "line_number": 24
      }
    ],
    "tests/integration/diagnostics/test_direct_mcp.py": [
      {
        "type": "Secret Keyword",
        "filename": "tests/integration/diagnostics/test_direct_mcp.py",
        "hashed_secret": "89e495e7941cf9e40e6980d14a16bf023ccd4c91",
        "is_verified": false,
        "line_number": 101
      }
    ],
    "tests/integration/diagnostics/test_minimal_mcp.py": [
      {
        "type": "Secret Keyword",
        "filename": "tests/integration/diagnostics/test_minimal_mcp.py",
        "hashed_secret": "89e495e7941cf9e40e6980d14a16bf023ccd4c91",
        "is_verified": false,
        "line_number": 24
      }
    ],
    "tests/integration/diagnostics/test_stdio_protocol.py": [
      {
        "type": "Secret Keyword",
        "filename": "tests/integration/diagnostics/test_stdio_protocol.py",
        "hashed_secret": "89e495e7941cf9e40e6980d14a16bf023ccd4c91",
        "is_verified": false,
        "line_number": 72
      }
    ],
    "tests/setup_test_project.py": [
      {
        "type": "Secret Keyword",
        "filename": "tests/setup_test_project.py",
        "hashed_secret": "89e495e7941cf9e40e6980d14a16bf023ccd4c91",
        "is_verified": false,
        "line_number": 60
      },
      {
        "type": "Secret Keyword",
        "filename": "tests/setup_test_project.py",
        "hashed_secret": "6d9c68c603e465077bdd49c62347fe54717f83a3",
        "is_verified": false,
        "line_number": 183
      }
    ],
    "tests/unit/ai/test_ai_analysis_engine.py": [
      {
        "type": "Secret Keyword",
        "filename": "tests/unit/ai/test_ai_analysis_engine.py",
        "hashed_secret": "2e7a7ee14caebf378fc32d6cf6f557f347c96773",
        "is_verified": false,
        "line_number": 606
      },
      {
        "type": "Secret Keyword",
        "filename": "tests/unit/ai/test_ai_analysis_engine.py",
        "hashed_secret": "3acfb2c2b433c0ea7ff107e33df91b18e52f960f",
        "is_verified": false,
        "line_number": 1153
      }
    ],
    "tests/unit/ai/test_llm_provider_selection.py": [
      {
        "type": "Secret Keyword",
        "filename": "tests/unit/ai/test_llm_provider_selection.py",
        "hashed_secret": "61d59b67797f41ae6e7d58d7f3208a82ee96673b",
        "is_verified": false,
        "line_number": 48
      },
      {
        "type": "Secret Keyword",
        "filename": "tests/unit/ai/test_llm_provider_selection.py",
        "hashed_secret": "164b535a75fd6fc5fd456c0d793f381f99f3db6f",
        "is_verified": false,
        "line_number": 85
      },
      {
        "type": "Secret Keyword",
        "filename": "tests/unit/ai/test_llm_provider_selection.py",
        "hashed_secret": "a09925d0d59034962777e29fad8a1253ec598298",
        "is_verified": false,
        "line_number": 137
      }
    ],
    "tests/unit/ai/test_openai_provider.py": [
      {
        "type": "Secret Keyword",
        "filename": "tests/unit/ai/test_openai_provider.py",
        "hashed_secret": "2e7a7ee14caebf378fc32d6cf6f557f347c96773",
        "is_verified": false,
        "line_number": 36
      }
    ],
    "tests/unit/core/test_code_analyzer.py": [
      {
        "type": "Secret Keyword",
        "filename": "tests/unit/core/test_code_analyzer.py",
        "hashed_secret": "e5e9fa1ba31ecd1ae84f75caaa474f3a663f05f4",
        "is_verified": false,
        "line_number": 345
      }
    ],
    "tests/unit/core/test_error_responses.py": [
      {
        "type": "Secret Keyword",
        "filename": "tests/unit/core/test_error_responses.py",
        "hashed_secret": "f2b14f68eb995facb3a1c35287b778d5bd785511",
        "is_verified": false,
        "line_number": 285
      },
      {
        "type": "Secret Keyword",
        "filename": "tests/unit/core/test_error_responses.py",
        "hashed_secret": "3b1d161cc96b8f4e663225135ab6acd217142963",
        "is_verified": false,
        "line_number": 286
      }
    ],
    "tests/unit/core/test_simple_client_unit.py": [
      {
        "type": "Secret Keyword",
        "filename": "tests/unit/core/test_simple_client_unit.py",
        "hashed_secret": "206c80413b9a96c1312cc346b7d2517b84463edd",
        "is_verified": false,
        "line_number": 39
      }
    ],
    "tests/unit/integrations/test_kanban_client_with_create.py": [
      {
        "type": "Secret Keyword",
        "filename": "tests/unit/integrations/test_kanban_client_with_create.py",
        "hashed_secret": "206c80413b9a96c1312cc346b7d2517b84463edd",
        "is_verified": false,
        "line_number": 81
      },
      {
        "type": "Secret Keyword",
        "filename": "tests/unit/integrations/test_kanban_client_with_create.py",
        "hashed_secret": "89e495e7941cf9e40e6980d14a16bf023ccd4c91",
        "is_verified": false,
        "line_number": 124
      },
      {
        "type": "Secret Keyword",
        "filename": "tests/unit/integrations/test_kanban_client_with_create.py",
        "hashed_secret": "fd858ef1e811e28a823d60908b38df56e9e359e7",
        "is_verified": false,
        "line_number": 714
      }
    ],
    "tests/unit/integrations/test_kanban_credential_security.py": [
      {
        "type": "Secret Keyword",
        "filename": "tests/unit/integrations/test_kanban_credential_security.py",
        "hashed_secret": "89e495e7941cf9e40e6980d14a16bf023ccd4c91",
        "is_verified": false,
        "line_number": 57
      },
      {
        "type": "Secret Keyword",
        "filename": "tests/unit/integrations/test_kanban_credential_security.py",
        "hashed_secret": "ea8edfd4ebae57c29280593efa8fe9ae953c9bfe",
        "is_verified": false,
        "line_number": 67
      },
      {
        "type": "Secret Keyword",
        "filename": "tests/unit/integrations/test_kanban_credential_security.py",
        "hashed_secret": "dbfaf8b1dea45f270b463777718c20a291b5db72",
        "is_verified": false,
        "line_number": 94
      }
    ],
    "tests/unit/integrations/test_mcp_kanban_client_simple.py": [
      {
        "type": "Secret Keyword",
        "filename": "tests/unit/integrations/test_mcp_kanban_client_simple.py",
        "hashed_secret": "789cbe0407840b1c2041cb33452ff60f19bf58cc",
        "is_verified": false,
        "line_number": 80
      },
      {
        "type": "Secret Keyword",
        "filename": "tests/unit/integrations/test_mcp_kanban_client_simple.py",
        "hashed_secret": "89e495e7941cf9e40e6980d14a16bf023ccd4c91",
        "is_verified": false,
        "line_number": 193
      },
      {
        "type": "Secret Keyword",
        "filename": "tests/unit/integrations/test_mcp_kanban_client_simple.py",
        "hashed_secret": "322b99b997a12e4c99e3aaf2982a8eb07f303e2e",
        "is_verified": false,
        "line_number": 200
      }
    ],
    "tests/unit/marcus_mcp/test_server.py": [
      {
        "type": "Secret Keyword",
        "filename": "tests/unit/marcus_mcp/test_server.py",
        "hashed_secret": "206c80413b9a96c1312cc346b7d2517b84463edd",
        "is_verified": false,
        "line_number": 208
      },
      {
        "type": "Secret Keyword",
        "filename": "tests/unit/marcus_mcp/test_server.py",
        "hashed_secret": "e5e9fa1ba31ecd1ae84f75caaa474f3a663f05f4",
        "is_verified": false,
        "line_number": 908
      }
    ]
  },
  "generated_at": "2025-10-13T17:46:47Z"
}
