{
  "version": "1.5.0",
  "plugins_used": [
    {
      "name": "ArtifactoryDetector"
    },
    {
      "name": "AWSKeyDetector"
    },
    {
      "name": "AzureStorageKeyDetector"
    },
    {
      "name": "Base64HighEntropyString",
      "limit": 4.5
    },
    {
      "name": "BasicAuthDetector"
    },
    {
      "name": "CloudantDetector"
    },
    {
      "name": "DiscordBotTokenDetector"
    },
    {
      "name": "GitHubTokenDetector"
    },
    {
      "name": "GitLabTokenDetector"
    },
    {
      "name": "HexHighEntropyString",
      "limit": 3.0
    },
    {
      "name": "IbmCloudIamDetector"
    },
    {
      "name": "IbmCosHmacDetector"
    },
    {
      "name": "IPPublicDetector"
    },
    {
      "name": "JwtTokenDetector"
    },
    {
      "name": "KeywordDetector",
      "keyword_exclude": ""
    },
    {
      "name": "MailchimpDetector"
    },
    {
      "name": "NpmDetector"
    },
    {
      "name": "OpenAIDetector"
    },
    {
      "name": "PrivateKeyDetector"
    },
    {
      "name": "PypiTokenDetector"
    },
    {
      "name": "SendGridDetector"
    },
    {
      "name": "SlackDetector"
    },
    {
      "name": "SoftlayerDetector"
    },
    {
      "name": "SquareOAuthDetector"
    },
    {
      "name": "StripeDetector"
    },
    {
      "name": "TelegramBotTokenDetector"
    },
    {
      "name": "TwilioKeyDetector"
    }
  ],
  "filters_used": [
    {
      "path": "detect_secrets.filters.allowlist.is_line_allowlisted"
    },
    {
      "path": "detect_secrets.filters.common.is_baseline_file",
      "filename": ".secrets.baseline"
    },
    {
      "path": "detect_secrets.filters.common.is_ignored_due_to_verification_policies",
      "min_level": 2
    },
    {
      "path": "detect_secrets.filters.heuristic.is_indirect_reference"
    },
    {
      "path": "detect_secrets.filters.heuristic.is_likely_id_string"
    },
    {
      "path": "detect_secrets.filters.heuristic.is_lock_file"
    },
    {
      "path": "detect_secrets.filters.heuristic.is_not_alphanumeric_string"
    },
    {
      "path": "detect_secrets.filters.heuristic.is_potential_uuid"
    },
    {
      "path": "detect_secrets.filters.heuristic.is_prefixed_with_dollar_sign"
    },
    {
      "path": "detect_secrets.filters.heuristic.is_sequential_string"
    },
    {
      "path": "detect_secrets.filters.heuristic.is_swagger_file"
    },
    {
      "path": "detect_secrets.filters.heuristic.is_templated_secret"
    }
  ],
  "results": {
    "CONFIG_MIGRATION.md": [
      {
        "type": "Secret Keyword",
        "filename": "CONFIG_MIGRATION.md",
        "hashed_secret": "6d9c68c603e465077bdd49c62347fe54717f83a3",
        "is_verified": false,
        "line_number": 55
      }
    ],
    "config_marcus.example.json": [
      {
        "type": "Secret Keyword",
        "filename": "config_marcus.example.json",
        "hashed_secret": "564e340cd48437d2dfe876ee154cc99dc4d0d137",
        "is_verified": false,
        "line_number": 12
      },
      {
        "type": "Secret Keyword",
        "filename": "config_marcus.example.json",
        "hashed_secret": "574110af78bbcd0b77af740dcc13ca9df82abbaf",
        "is_verified": false,
        "line_number": 15
      },
      {
        "type": "Secret Keyword",
        "filename": "config_marcus.example.json",
        "hashed_secret": "bb9fd208791fcfa76cd662b04b12b600b70a7213",
        "is_verified": false,
        "line_number": 24
      }
    ],
    "config_marcus_with_context.json": [
      {
        "type": "Secret Keyword",
        "filename": "config_marcus_with_context.json",
        "hashed_secret": "89e495e7941cf9e40e6980d14a16bf023ccd4c91",
        "is_verified": false,
        "line_number": 12
      },
      {
        "type": "Secret Keyword",
        "filename": "config_marcus_with_context.json",
        "hashed_secret": "d2aed6fe1b9fb7f48da133fbae832118dc50d36f",
        "is_verified": false,
        "line_number": 15
      }
    ],
    "deployment/kubernetes/marcus-deployment.yaml": [
      {
        "type": "Basic Auth Credentials",
        "filename": "deployment/kubernetes/marcus-deployment.yaml",
        "hashed_secret": "247731c75f3b277594afe05f8b1d0ee049da0b08",
        "is_verified": false,
        "line_number": 27
      },
      {
        "type": "Secret Keyword",
        "filename": "deployment/kubernetes/marcus-deployment.yaml",
        "hashed_secret": "b19d99ca17e9e5ece45b362d998d3a8684f44c43",
        "is_verified": false,
        "line_number": 204
      },
      {
        "type": "Secret Keyword",
        "filename": "deployment/kubernetes/marcus-deployment.yaml",
        "hashed_secret": "a4fa316424da32e98261d64ea6993bf40b833956",
        "is_verified": false,
        "line_number": 365
      }
    ],
    "deployment/kubernetes/pm-agent-deployment.yaml": [
      {
        "type": "Basic Auth Credentials",
        "filename": "deployment/kubernetes/pm-agent-deployment.yaml",
        "hashed_secret": "470de57f65dde6c4dfd53a8889476b4cb08e8bb1",
        "is_verified": false,
        "line_number": 27
      },
      {
        "type": "Secret Keyword",
        "filename": "deployment/kubernetes/pm-agent-deployment.yaml",
        "hashed_secret": "6f57e2ddb2fd361a3f8cc7a0617162a647ae1eea",
        "is_verified": false,
        "line_number": 204
      },
      {
        "type": "Secret Keyword",
        "filename": "deployment/kubernetes/pm-agent-deployment.yaml",
        "hashed_secret": "d7ff32c46284d138c697cd174f5cbad681bfd5ac",
        "is_verified": false,
        "line_number": 365
      }
    ],
    "docs/CONFIGURATION.md": [
      {
        "type": "Secret Keyword",
        "filename": "docs/CONFIGURATION.md",
        "hashed_secret": "564e340cd48437d2dfe876ee154cc99dc4d0d137",
        "is_verified": false,
        "line_number": 40
      },
      {
        "type": "Secret Keyword",
        "filename": "docs/CONFIGURATION.md",
        "hashed_secret": "0488b1e77b437df2e7bc369841f39eab010798a7",
        "is_verified": false,
        "line_number": 44
      },
      {
        "type": "Secret Keyword",
        "filename": "docs/CONFIGURATION.md",
        "hashed_secret": "99cea182de40ac26a1e8304ea3999e2bb61e4b61",
        "is_verified": false,
        "line_number": 55
      }
    ],
    "docs/developer-guide/api.md": [
      {
        "type": "Secret Keyword",
        "filename": "docs/developer-guide/api.md",
        "hashed_secret": "6d9c68c603e465077bdd49c62347fe54717f83a3",
        "is_verified": false,
        "line_number": 228
      }
    ],
    "docs/developer-guide/sphinx/source/developer/architecture.md": [
      {
        "type": "Secret Keyword",
        "filename": "docs/developer-guide/sphinx/source/developer/architecture.md",
        "hashed_secret": "89e495e7941cf9e40e6980d14a16bf023ccd4c91",
        "is_verified": false,
        "line_number": 142
      }
    ],
    "docs/developer-guide/sphinx/source/templates/product_spec_template.md": [
      {
        "type": "Secret Keyword",
        "filename": "docs/developer-guide/sphinx/source/templates/product_spec_template.md",
        "hashed_secret": "a616a64c0fbc30f12287d0f24f3b90dd2e6a206e",
        "is_verified": false,
        "line_number": 63
      }
    ],
    "docs/developer-guide/sphinx/source/tutorials/beginner_todo_app_tutorial.md": [
      {
        "type": "Secret Keyword",
        "filename": "docs/developer-guide/sphinx/source/tutorials/beginner_todo_app_tutorial.md",
        "hashed_secret": "206c80413b9a96c1312cc346b7d2517b84463edd",
        "is_verified": false,
        "line_number": 322
      }
    ],
    "docs/developer-guide/templates/PRODUCT_SPEC_TEMPLATE.md": [
      {
        "type": "Secret Keyword",
        "filename": "docs/developer-guide/templates/PRODUCT_SPEC_TEMPLATE.md",
        "hashed_secret": "a616a64c0fbc30f12287d0f24f3b90dd2e6a206e",
        "is_verified": false,
        "line_number": 63
      }
    ],
    "docs/user-guide/how-to/deploy-on-kubernetes.md": [
      {
        "type": "Secret Keyword",
        "filename": "docs/user-guide/how-to/deploy-on-kubernetes.md",
        "hashed_secret": "f0ea068d94a4f6e0e2d9906495660c95cb822ee8",
        "is_verified": false,
        "line_number": 405
      }
    ],
    "docs/user-guide/how-to/security-best-practices.md": [
      {
        "type": "Secret Keyword",
        "filename": "docs/user-guide/how-to/security-best-practices.md",
        "hashed_secret": "924be475867f61804e3b92384be6e25a047a4cd2",
        "is_verified": false,
        "line_number": 194
      },
      {
        "type": "Secret Keyword",
        "filename": "docs/user-guide/how-to/security-best-practices.md",
        "hashed_secret": "9235afd3e98802411861a961aa9cf61e90c1c977",
        "is_verified": false,
        "line_number": 397
      }
    ],
    "docs/user-guide/how-to/troubleshoot-common-issues.md": [
      {
        "type": "Secret Keyword",
        "filename": "docs/user-guide/how-to/troubleshoot-common-issues.md",
        "hashed_secret": "89e495e7941cf9e40e6980d14a16bf023ccd4c91",
        "is_verified": false,
        "line_number": 67
      }
    ],
    "docs/user-guide/reference/configuration_guide.md": [
      {
        "type": "Secret Keyword",
        "filename": "docs/user-guide/reference/configuration_guide.md",
        "hashed_secret": "c7a8c334eef5d1749fface7d42c66f9ae5e8cf36",
        "is_verified": false,
        "line_number": 235
      },
      {
        "type": "Secret Keyword",
        "filename": "docs/user-guide/reference/configuration_guide.md",
        "hashed_secret": "5baa61e4c9b93f3f0682250b6cf8331b7ee68fd8",
        "is_verified": false,
        "line_number": 239
      }
    ],
    "docs/user-guide/reference/data_models_api.md": [
      {
        "type": "Hex High Entropy String",
        "filename": "docs/user-guide/reference/data_models_api.md",
        "hashed_secret": "6d19d4026f03f985eaea495a3f56e8f57aa5e451",
        "is_verified": false,
        "line_number": 121
      }
    ],
    "docs/user-guide/reference/environment_variables.md": [
      {
        "type": "Secret Keyword",
        "filename": "docs/user-guide/reference/environment_variables.md",
        "hashed_secret": "19e662368a1065e8e98fdb0d0ec341e3382132cc",
        "is_verified": false,
        "line_number": 15
      },
      {
        "type": "Secret Keyword",
        "filename": "docs/user-guide/reference/environment_variables.md",
        "hashed_secret": "354b3a4b7715d3694c88a4fa7db49e41de86568e",
        "is_verified": false,
        "line_number": 19
      },
      {
        "type": "Base64 High Entropy String",
        "filename": "docs/user-guide/reference/environment_variables.md",
        "hashed_secret": "bbe0894aebe7b8ef54b7f1a80a35e7930f3b0b8b",
        "is_verified": false,
        "line_number": 40
      },
      {
        "type": "Secret Keyword",
        "filename": "docs/user-guide/reference/environment_variables.md",
        "hashed_secret": "bbe0894aebe7b8ef54b7f1a80a35e7930f3b0b8b",
        "is_verified": false,
        "line_number": 40
      },
      {
        "type": "Secret Keyword",
        "filename": "docs/user-guide/reference/environment_variables.md",
        "hashed_secret": "a74d74619aca80255d605d6ae3e1607344921126",
        "is_verified": false,
        "line_number": 104
      },
      {
        "type": "Base64 High Entropy String",
        "filename": "docs/user-guide/reference/environment_variables.md",
        "hashed_secret": "bf5a2b0096dce010e5b23974a168c76b3ed13e62",
        "is_verified": false,
        "line_number": 119
      },
      {
        "type": "GitHub Token",
        "filename": "docs/user-guide/reference/environment_variables.md",
        "hashed_secret": "e175c6f5f2a92e8623bd9a4820edb4e8c1b0fd10",
        "is_verified": false,
        "line_number": 119
      },
      {
        "type": "Secret Keyword",
        "filename": "docs/user-guide/reference/environment_variables.md",
        "hashed_secret": "e407b1cef3996bfb06f5134cc3afa884db9d2594",
        "is_verified": false,
        "line_number": 160
      },
      {
        "type": "Secret Keyword",
        "filename": "docs/user-guide/reference/environment_variables.md",
        "hashed_secret": "0bcd81fed269c438fd9301ea2e9604a469238f84",
        "is_verified": false,
        "line_number": 276
      }
    ],
    "docs/user-guide/reference/index.md": [
      {
        "type": "Secret Keyword",
        "filename": "docs/user-guide/reference/index.md",
        "hashed_secret": "c7a8c334eef5d1749fface7d42c66f9ae5e8cf36",
        "is_verified": false,
        "line_number": 168
      },
      {
        "type": "Secret Keyword",
        "filename": "docs/user-guide/reference/index.md",
        "hashed_secret": "5baa61e4c9b93f3f0682250b6cf8331b7ee68fd8",
        "is_verified": false,
        "line_number": 172
      }
    ],
    "docs/user-guide/reference/kanban_providers_api.md": [
      {
        "type": "Hex High Entropy String",
        "filename": "docs/user-guide/reference/kanban_providers_api.md",
        "hashed_secret": "1717b48e0291a115d285a1a402d157d87c9831b6",
        "is_verified": false,
        "line_number": 206
      }
    ],
    "docs/user-guide/reference/system_architecture.md": [
      {
        "type": "Basic Auth Credentials",
        "filename": "docs/user-guide/reference/system_architecture.md",
        "hashed_secret": "50612d965498a9dab59366b1991309fb21393eb8",
        "is_verified": false,
        "line_number": 328
      }
    ],
    "experiments/.env.example": [
      {
        "type": "Basic Auth Credentials",
        "filename": "experiments/.env.example",
        "hashed_secret": "5baa61e4c9b93f3f0682250b6cf8331b7ee68fd8",
        "is_verified": false,
        "line_number": 8
      }
    ],
    "experiments/MACOS_SETUP.md": [
      {
        "type": "Basic Auth Credentials",
        "filename": "experiments/MACOS_SETUP.md",
        "hashed_secret": "9d4e1e23bd5b727046a9e3b4b7db57bd8d6ee684",
        "is_verified": false,
        "line_number": 49
      }
    ],
    "experiments/scripts/run_full_baseline.py": [
      {
        "type": "Hex High Entropy String",
        "filename": "experiments/scripts/run_full_baseline.py",
        "hashed_secret": "90bd1b48e958257948487b90bee080ba5ed00caa",
        "is_verified": false,
        "line_number": 133
      }
    ],
    "marcus.config.example.json": [
      {
        "type": "Secret Keyword",
        "filename": "marcus.config.example.json",
        "hashed_secret": "45d676e7c6ab44cf4b8fa366ef2d8fccd3e6d6e6",
        "is_verified": false,
        "line_number": 9
      },
      {
        "type": "Secret Keyword",
        "filename": "marcus.config.example.json",
        "hashed_secret": "bb9fd208791fcfa76cd662b04b12b600b70a7213",
        "is_verified": false,
        "line_number": 21
      },
      {
        "type": "Secret Keyword",
        "filename": "marcus.config.example.json",
        "hashed_secret": "574110af78bbcd0b77af740dcc13ca9df82abbaf",
        "is_verified": false,
        "line_number": 26
      },
      {
        "type": "Secret Keyword",
        "filename": "marcus.config.example.json",
        "hashed_secret": "9499068292fc93a3915fcff2d40994b79db3f8d6",
        "is_verified": false,
        "line_number": 27
      }
    ],
    "projects/todo_app/clear_board.py": [
      {
        "type": "Secret Keyword",
        "filename": "projects/todo_app/clear_board.py",
        "hashed_secret": "89e495e7941cf9e40e6980d14a16bf023ccd4c91",
        "is_verified": false,
        "line_number": 27
      }
    ],
    "projects/todo_app/create_all_todo_app_cards.py": [
      {
        "type": "Secret Keyword",
        "filename": "projects/todo_app/create_all_todo_app_cards.py",
        "hashed_secret": "89e495e7941cf9e40e6980d14a16bf023ccd4c91",
        "is_verified": false,
        "line_number": 16
      }
    ],
    "projects/todo_app/create_minimal_todo_cards.py": [
      {
        "type": "Secret Keyword",
        "filename": "projects/todo_app/create_minimal_todo_cards.py",
        "hashed_secret": "89e495e7941cf9e40e6980d14a16bf023ccd4c91",
        "is_verified": false,
        "line_number": 16
      }
    ],
    "projects/todo_app/create_moderate_todo_cards.py": [
      {
        "type": "Secret Keyword",
        "filename": "projects/todo_app/create_moderate_todo_cards.py",
        "hashed_secret": "89e495e7941cf9e40e6980d14a16bf023ccd4c91",
        "is_verified": false,
        "line_number": 16
      }
    ],
    "scripts/demo_context_system.py": [
      {
        "type": "Secret Keyword",
        "filename": "scripts/demo_context_system.py",
        "hashed_secret": "2010132ce9d7ecb7ffcd8583e46eb6830b5b89ee",
        "is_verified": false,
        "line_number": 288
      }
    ],
    "scripts/demo_scenario_todo_app.py": [
      {
        "type": "Secret Keyword",
        "filename": "scripts/demo_scenario_todo_app.py",
        "hashed_secret": "2010132ce9d7ecb7ffcd8583e46eb6830b5b89ee",
        "is_verified": false,
        "line_number": 275
      }
    ],
    "src/config/config_loader.py": [
      {
        "type": "Secret Keyword",
        "filename": "src/config/config_loader.py",
        "hashed_secret": "2fa36e08121582090d810e773642eefa3e109b6b",
        "is_verified": false,
        "line_number": 69
      },
      {
        "type": "Secret Keyword",
        "filename": "src/config/config_loader.py",
        "hashed_secret": "03e153d8172f3a577e73f04ab56850b206d86bd3",
        "is_verified": false,
        "line_number": 79
      },
      {
        "type": "Secret Keyword",
        "filename": "src/config/config_loader.py",
        "hashed_secret": "76973d212289a6fb1a6926d33af97ac264d03051",
        "is_verified": false,
        "line_number": 83
      },
      {
        "type": "Secret Keyword",
        "filename": "src/config/config_loader.py",
        "hashed_secret": "b752fbe0415a704963400b578d552fd738e99533",
        "is_verified": false,
        "line_number": 84
      }
    ],
    "src/enhancements/configurable_pm_agent.py": [
      {
        "type": "Secret Keyword",
        "filename": "src/enhancements/configurable_pm_agent.py",
        "hashed_secret": "a616a64c0fbc30f12287d0f24f3b90dd2e6a206e",
        "is_verified": false,
        "line_number": 63
      },
      {
        "type": "Secret Keyword",
        "filename": "src/enhancements/configurable_pm_agent.py",
        "hashed_secret": "ecb252044b5ea0f679ee78ec1a12904739e2904d",
        "is_verified": false,
        "line_number": 108
      }
    ],
    "src/integrations/kanban_client.py": [
      {
        "type": "Secret Keyword",
        "filename": "src/integrations/kanban_client.py",
        "hashed_secret": "89e495e7941cf9e40e6980d14a16bf023ccd4c91",
        "is_verified": false,
        "line_number": 80
      }
    ],
    "src/integrations/kanban_client_with_create.py": [
      {
        "type": "Secret Keyword",
        "filename": "src/integrations/kanban_client_with_create.py",
        "hashed_secret": "89e495e7941cf9e40e6980d14a16bf023ccd4c91",
        "is_verified": false,
        "line_number": 44
      }
    ],
    "tests/REAL_TESTS_README.md": [
      {
        "type": "Secret Keyword",
        "filename": "tests/REAL_TESTS_README.md",
        "hashed_secret": "11fa7c37d697f30e6aee828b4426a10f83ab2380",
        "is_verified": false,
        "line_number": 17
      }
    ],
    "tests/archive/debug_mcp_protocol.py": [
      {
        "type": "Secret Keyword",
        "filename": "tests/archive/debug_mcp_protocol.py",
        "hashed_secret": "89e495e7941cf9e40e6980d14a16bf023ccd4c91",
        "is_verified": false,
        "line_number": 19
      }
    ],
    "tests/archive/test_connection.py": [
      {
        "type": "Secret Keyword",
        "filename": "tests/archive/test_connection.py",
        "hashed_secret": "89e495e7941cf9e40e6980d14a16bf023ccd4c91",
        "is_verified": false,
        "line_number": 15
      }
    ],
    "tests/archive/test_final_working.py": [
      {
        "type": "Secret Keyword",
        "filename": "tests/archive/test_final_working.py",
        "hashed_secret": "89e495e7941cf9e40e6980d14a16bf023ccd4c91",
        "is_verified": false,
        "line_number": 72
      }
    ],
    "tests/archive/test_kanban_auth.py": [
      {
        "type": "Secret Keyword",
        "filename": "tests/archive/test_kanban_auth.py",
        "hashed_secret": "89e495e7941cf9e40e6980d14a16bf023ccd4c91",
        "is_verified": false,
        "line_number": 15
      }
    ],
    "tests/archive/test_kanban_direct.py": [
      {
        "type": "Secret Keyword",
        "filename": "tests/archive/test_kanban_direct.py",
        "hashed_secret": "89e495e7941cf9e40e6980d14a16bf023ccd4c91",
        "is_verified": false,
        "line_number": 26
      }
    ],
    "tests/archive/test_kanban_proper.py": [
      {
        "type": "Secret Keyword",
        "filename": "tests/archive/test_kanban_proper.py",
        "hashed_secret": "89e495e7941cf9e40e6980d14a16bf023ccd4c91",
        "is_verified": false,
        "line_number": 25
      }
    ],
    "tests/archive/test_kanban_startup.py": [
      {
        "type": "Secret Keyword",
        "filename": "tests/archive/test_kanban_startup.py",
        "hashed_secret": "89e495e7941cf9e40e6980d14a16bf023ccd4c91",
        "is_verified": false,
        "line_number": 24
      }
    ],
    "tests/archive/test_list_tools.py": [
      {
        "type": "Secret Keyword",
        "filename": "tests/archive/test_list_tools.py",
        "hashed_secret": "89e495e7941cf9e40e6980d14a16bf023ccd4c91",
        "is_verified": false,
        "line_number": 25
      }
    ],
    "tests/archive/test_mcp_handshake.py": [
      {
        "type": "Secret Keyword",
        "filename": "tests/archive/test_mcp_handshake.py",
        "hashed_secret": "89e495e7941cf9e40e6980d14a16bf023ccd4c91",
        "is_verified": false,
        "line_number": 20
      }
    ],
    "tests/archive/test_minimal_kanban.py": [
      {
        "type": "Secret Keyword",
        "filename": "tests/archive/test_minimal_kanban.py",
        "hashed_secret": "89e495e7941cf9e40e6980d14a16bf023ccd4c91",
        "is_verified": false,
        "line_number": 23
      }
    ],
    "tests/archive/test_pm_agent_complete_final.py": [
      {
        "type": "Secret Keyword",
        "filename": "tests/archive/test_pm_agent_complete_final.py",
        "hashed_secret": "89e495e7941cf9e40e6980d14a16bf023ccd4c91",
        "is_verified": false,
        "line_number": 85
      }
    ],
    "tests/archive/test_pm_agent_create_board.py": [
      {
        "type": "Secret Keyword",
        "filename": "tests/archive/test_pm_agent_create_board.py",
        "hashed_secret": "89e495e7941cf9e40e6980d14a16bf023ccd4c91",
        "is_verified": false,
        "line_number": 70
      }
    ],
    "tests/archive/test_pm_agent_focused.py": [
      {
        "type": "Secret Keyword",
        "filename": "tests/archive/test_pm_agent_focused.py",
        "hashed_secret": "89e495e7941cf9e40e6980d14a16bf023ccd4c91",
        "is_verified": false,
        "line_number": 80
      }
    ],
    "tests/archive/test_with_env.py": [
      {
        "type": "Secret Keyword",
        "filename": "tests/archive/test_with_env.py",
        "hashed_secret": "89e495e7941cf9e40e6980d14a16bf023ccd4c91",
        "is_verified": false,
        "line_number": 14
      }
    ],
    "tests/archive/test_working_connection.py": [
      {
        "type": "Secret Keyword",
        "filename": "tests/archive/test_working_connection.py",
        "hashed_secret": "89e495e7941cf9e40e6980d14a16bf023ccd4c91",
        "is_verified": false,
        "line_number": 23
      }
    ],
    "tests/archive/working_select_board.py": [
      {
        "type": "Secret Keyword",
        "filename": "tests/archive/working_select_board.py",
        "hashed_secret": "89e495e7941cf9e40e6980d14a16bf023ccd4c91",
        "is_verified": false,
        "line_number": 16
      }
    ],
    "tests/archive/working_select_board_fixed.py": [
      {
        "type": "Secret Keyword",
        "filename": "tests/archive/working_select_board_fixed.py",
        "hashed_secret": "89e495e7941cf9e40e6980d14a16bf023ccd4c91",
        "is_verified": false,
        "line_number": 16
      }
    ],
    "tests/conftest.py": [
      {
        "type": "Secret Keyword",
        "filename": "tests/conftest.py",
        "hashed_secret": "89e495e7941cf9e40e6980d14a16bf023ccd4c91",
        "is_verified": false,
        "line_number": 79
      }
    ],
    "tests/integration/diagnostics/test_direct_mcp.py": [
      {
        "type": "Secret Keyword",
        "filename": "tests/integration/diagnostics/test_direct_mcp.py",
        "hashed_secret": "89e495e7941cf9e40e6980d14a16bf023ccd4c91",
        "is_verified": false,
        "line_number": 96
      }
    ],
    "tests/integration/diagnostics/test_minimal_mcp.py": [
      {
        "type": "Secret Keyword",
        "filename": "tests/integration/diagnostics/test_minimal_mcp.py",
        "hashed_secret": "89e495e7941cf9e40e6980d14a16bf023ccd4c91",
        "is_verified": false,
        "line_number": 20
      }
    ],
    "tests/integration/diagnostics/test_stdio_protocol.py": [
      {
        "type": "Secret Keyword",
        "filename": "tests/integration/diagnostics/test_stdio_protocol.py",
        "hashed_secret": "89e495e7941cf9e40e6980d14a16bf023ccd4c91",
        "is_verified": false,
        "line_number": 68
      }
    ],
    "tests/setup_test_project.py": [
      {
        "type": "Secret Keyword",
        "filename": "tests/setup_test_project.py",
        "hashed_secret": "89e495e7941cf9e40e6980d14a16bf023ccd4c91",
        "is_verified": false,
        "line_number": 59
      },
      {
        "type": "Secret Keyword",
        "filename": "tests/setup_test_project.py",
        "hashed_secret": "6d9c68c603e465077bdd49c62347fe54717f83a3",
        "is_verified": false,
        "line_number": 179
      }
    ],
    "tests/unit/ai/test_ai_analysis_engine.py": [
      {
        "type": "Secret Keyword",
        "filename": "tests/unit/ai/test_ai_analysis_engine.py",
        "hashed_secret": "2e7a7ee14caebf378fc32d6cf6f557f347c96773",
        "is_verified": false,
        "line_number": 606
      },
      {
        "type": "Secret Keyword",
        "filename": "tests/unit/ai/test_ai_analysis_engine.py",
        "hashed_secret": "3acfb2c2b433c0ea7ff107e33df91b18e52f960f",
        "is_verified": false,
        "line_number": 1154
      }
    ],
    "tests/unit/ai/test_openai_provider.py": [
      {
        "type": "Secret Keyword",
        "filename": "tests/unit/ai/test_openai_provider.py",
        "hashed_secret": "2e7a7ee14caebf378fc32d6cf6f557f347c96773",
        "is_verified": false,
        "line_number": 31
      }
    ],
    "tests/unit/core/test_code_analyzer.py": [
      {
        "type": "Secret Keyword",
        "filename": "tests/unit/core/test_code_analyzer.py",
        "hashed_secret": "e5e9fa1ba31ecd1ae84f75caaa474f3a663f05f4",
        "is_verified": false,
        "line_number": 344
      }
    ],
    "tests/unit/core/test_error_responses.py": [
      {
        "type": "Secret Keyword",
        "filename": "tests/unit/core/test_error_responses.py",
        "hashed_secret": "f2b14f68eb995facb3a1c35287b778d5bd785511",
        "is_verified": false,
        "line_number": 235
      },
      {
        "type": "Secret Keyword",
        "filename": "tests/unit/core/test_error_responses.py",
        "hashed_secret": "3b1d161cc96b8f4e663225135ab6acd217142963",
        "is_verified": false,
        "line_number": 236
      }
    ],
    "tests/unit/integrations/test_kanban_client_with_create.py": [
      {
        "type": "Secret Keyword",
        "filename": "tests/unit/integrations/test_kanban_client_with_create.py",
        "hashed_secret": "206c80413b9a96c1312cc346b7d2517b84463edd",
        "is_verified": false,
        "line_number": 74
      },
      {
        "type": "Secret Keyword",
        "filename": "tests/unit/integrations/test_kanban_client_with_create.py",
        "hashed_secret": "89e495e7941cf9e40e6980d14a16bf023ccd4c91",
        "is_verified": false,
        "line_number": 116
      },
      {
        "type": "Secret Keyword",
        "filename": "tests/unit/integrations/test_kanban_client_with_create.py",
        "hashed_secret": "fd858ef1e811e28a823d60908b38df56e9e359e7",
        "is_verified": false,
        "line_number": 675
      }
    ],
    "tests/unit/integrations/test_mcp_kanban_client_simple.py": [
      {
        "type": "Secret Keyword",
        "filename": "tests/unit/integrations/test_mcp_kanban_client_simple.py",
        "hashed_secret": "789cbe0407840b1c2041cb33452ff60f19bf58cc",
        "is_verified": false,
        "line_number": 79
      },
      {
        "type": "Secret Keyword",
        "filename": "tests/unit/integrations/test_mcp_kanban_client_simple.py",
        "hashed_secret": "89e495e7941cf9e40e6980d14a16bf023ccd4c91",
        "is_verified": false,
        "line_number": 171
      },
      {
        "type": "Secret Keyword",
        "filename": "tests/unit/integrations/test_mcp_kanban_client_simple.py",
        "hashed_secret": "322b99b997a12e4c99e3aaf2982a8eb07f303e2e",
        "is_verified": false,
        "line_number": 178
      }
    ],
    "tests/unit/marcus_mcp/test_server.py": [
      {
        "type": "Secret Keyword",
        "filename": "tests/unit/marcus_mcp/test_server.py",
        "hashed_secret": "206c80413b9a96c1312cc346b7d2517b84463edd",
        "is_verified": false,
        "line_number": 45
      },
      {
        "type": "Secret Keyword",
        "filename": "tests/unit/marcus_mcp/test_server.py",
        "hashed_secret": "e5e9fa1ba31ecd1ae84f75caaa474f3a663f05f4",
        "is_verified": false,
        "line_number": 224
      }
    ]
  },
  "generated_at": "2025-07-07T20:51:01Z"
}
