{
  "version": "1.5.0",
  "plugins_used": [
    {
      "name": "ArtifactoryDetector"
    },
    {
      "name": "AWSKeyDetector"
    },
    {
      "name": "AzureStorageKeyDetector"
    },
    {
      "name": "Base64HighEntropyString",
      "limit": 4.5
    },
    {
      "name": "BasicAuthDetector"
    },
    {
      "name": "CloudantDetector"
    },
    {
      "name": "DiscordBotTokenDetector"
    },
    {
      "name": "GitHubTokenDetector"
    },
    {
      "name": "GitLabTokenDetector"
    },
    {
      "name": "HexHighEntropyString",
      "limit": 3.0
    },
    {
      "name": "IbmCloudIamDetector"
    },
    {
      "name": "IbmCosHmacDetector"
    },
    {
      "name": "IPPublicDetector"
    },
    {
      "name": "JwtTokenDetector"
    },
    {
      "name": "KeywordDetector",
      "keyword_exclude": ""
    },
    {
      "name": "MailchimpDetector"
    },
    {
      "name": "NpmDetector"
    },
    {
      "name": "OpenAIDetector"
    },
    {
      "name": "PrivateKeyDetector"
    },
    {
      "name": "PypiTokenDetector"
    },
    {
      "name": "SendGridDetector"
    },
    {
      "name": "SlackDetector"
    },
    {
      "name": "SoftlayerDetector"
    },
    {
      "name": "SquareOAuthDetector"
    },
    {
      "name": "StripeDetector"
    },
    {
      "name": "TelegramBotTokenDetector"
    },
    {
      "name": "TwilioKeyDetector"
    }
  ],
  "filters_used": [
    {
      "path": "detect_secrets.filters.allowlist.is_line_allowlisted"
    },
    {
      "path": "detect_secrets.filters.common.is_baseline_file",
      "filename": ".secrets.baseline"
    },
    {
      "path": "detect_secrets.filters.common.is_ignored_due_to_verification_policies",
      "min_level": 2
    },
    {
      "path": "detect_secrets.filters.heuristic.is_indirect_reference"
    },
    {
      "path": "detect_secrets.filters.heuristic.is_likely_id_string"
    },
    {
      "path": "detect_secrets.filters.heuristic.is_lock_file"
    },
    {
      "path": "detect_secrets.filters.heuristic.is_not_alphanumeric_string"
    },
    {
      "path": "detect_secrets.filters.heuristic.is_potential_uuid"
    },
    {
      "path": "detect_secrets.filters.heuristic.is_prefixed_with_dollar_sign"
    },
    {
      "path": "detect_secrets.filters.heuristic.is_sequential_string"
    },
    {
      "path": "detect_secrets.filters.heuristic.is_swagger_file"
    },
    {
      "path": "detect_secrets.filters.heuristic.is_templated_secret"
    }
  ],
  "results": {
    "config_marcus.local.example.json": [
      {
        "type": "Secret Keyword",
        "filename": "config_marcus.local.example.json",
        "hashed_secret": "89e495e7941cf9e40e6980d14a16bf023ccd4c91",
        "is_verified": false,
        "line_number": 15
      }
    ],
    "docs/configuration.md": [
      {
        "type": "Secret Keyword",
        "filename": "docs/configuration.md",
        "hashed_secret": "c89d994821c9ef2f54b8aa2edec94b65bc4f9bb7",
        "is_verified": false,
        "line_number": 25
      }
    ],
    "docs/user-guide/concepts/todo-app-design.md": [
      {
        "type": "Basic Auth Credentials",
        "filename": "docs/user-guide/concepts/todo-app-design.md",
        "hashed_secret": "9d4e1e23bd5b727046a9e3b4b7db57bd8d6ee684",
        "is_verified": false,
        "line_number": 509
      }
    ],
    "docs/user-guide/how-to/setup-local-llm.md": [
      {
        "type": "Secret Keyword",
        "filename": "docs/user-guide/how-to/setup-local-llm.md",
        "hashed_secret": "89e495e7941cf9e40e6980d14a16bf023ccd4c91",
        "is_verified": false,
        "line_number": 120
      }
    ],
    "docs/user-guide/reference/todo-app-technical-spec.md": [
      {
        "type": "Basic Auth Credentials",
        "filename": "docs/user-guide/reference/todo-app-technical-spec.md",
        "hashed_secret": "5baa61e4c9b93f3f0682250b6cf8331b7ee68fd8",
        "is_verified": false,
        "line_number": 165
      }
    ],
    "src/config/config_loader.py": [
      {
        "type": "Secret Keyword",
        "filename": "src/config/config_loader.py",
        "hashed_secret": "2fa36e08121582090d810e773642eefa3e109b6b",
        "is_verified": false,
        "line_number": 87
      },
      {
        "type": "Secret Keyword",
        "filename": "src/config/config_loader.py",
        "hashed_secret": "03e153d8172f3a577e73f04ab56850b206d86bd3",
        "is_verified": false,
        "line_number": 95
      },
      {
        "type": "Secret Keyword",
        "filename": "src/config/config_loader.py",
        "hashed_secret": "76973d212289a6fb1a6926d33af97ac264d03051",
        "is_verified": false,
        "line_number": 98
      },
      {
        "type": "Secret Keyword",
        "filename": "src/config/config_loader.py",
        "hashed_secret": "b752fbe0415a704963400b578d552fd738e99533",
        "is_verified": false,
        "line_number": 99
      }
    ],
    "src/enhancements/configurable_pm_agent.py": [
      {
        "type": "Secret Keyword",
        "filename": "src/enhancements/configurable_pm_agent.py",
        "hashed_secret": "a616a64c0fbc30f12287d0f24f3b90dd2e6a206e",
        "is_verified": false,
        "line_number": 64
      },
      {
        "type": "Secret Keyword",
        "filename": "src/enhancements/configurable_pm_agent.py",
        "hashed_secret": "ecb252044b5ea0f679ee78ec1a12904739e2904d",
        "is_verified": false,
        "line_number": 109
      }
    ],
    "src/integrations/kanban_client.py": [
      {
        "type": "Secret Keyword",
        "filename": "src/integrations/kanban_client.py",
        "hashed_secret": "89e495e7941cf9e40e6980d14a16bf023ccd4c91",
        "is_verified": false,
        "line_number": 103
      }
    ],
    "src/integrations/kanban_client_with_create.py": [
      {
        "type": "Secret Keyword",
        "filename": "src/integrations/kanban_client_with_create.py",
        "hashed_secret": "89e495e7941cf9e40e6980d14a16bf023ccd4c91",
        "is_verified": false,
        "line_number": 46
      }
    ],
    "tests/REAL_TESTS_README.md": [
      {
        "type": "Secret Keyword",
        "filename": "tests/REAL_TESTS_README.md",
        "hashed_secret": "11fa7c37d697f30e6aee828b4426a10f83ab2380",
        "is_verified": false,
        "line_number": 17
      }
    ],
    "tests/conftest.py": [
      {
        "type": "Secret Keyword",
        "filename": "tests/conftest.py",
        "hashed_secret": "89e495e7941cf9e40e6980d14a16bf023ccd4c91",
        "is_verified": false,
        "line_number": 81
      }
    ],
    "tests/integration/diagnostics/test_direct_mcp.py": [
      {
        "type": "Secret Keyword",
        "filename": "tests/integration/diagnostics/test_direct_mcp.py",
        "hashed_secret": "89e495e7941cf9e40e6980d14a16bf023ccd4c91",
        "is_verified": false,
        "line_number": 101
      }
    ],
    "tests/integration/diagnostics/test_minimal_mcp.py": [
      {
        "type": "Secret Keyword",
        "filename": "tests/integration/diagnostics/test_minimal_mcp.py",
        "hashed_secret": "89e495e7941cf9e40e6980d14a16bf023ccd4c91",
        "is_verified": false,
        "line_number": 24
      }
    ],
    "tests/integration/diagnostics/test_stdio_protocol.py": [
      {
        "type": "Secret Keyword",
        "filename": "tests/integration/diagnostics/test_stdio_protocol.py",
        "hashed_secret": "89e495e7941cf9e40e6980d14a16bf023ccd4c91",
        "is_verified": false,
        "line_number": 71
      }
    ],
    "tests/setup_test_project.py": [
      {
        "type": "Secret Keyword",
        "filename": "tests/setup_test_project.py",
        "hashed_secret": "89e495e7941cf9e40e6980d14a16bf023ccd4c91",
        "is_verified": false,
        "line_number": 60
      },
      {
        "type": "Secret Keyword",
        "filename": "tests/setup_test_project.py",
        "hashed_secret": "6d9c68c603e465077bdd49c62347fe54717f83a3",
        "is_verified": false,
        "line_number": 183
      }
    ],
    "tests/unit/ai/test_ai_analysis_engine.py": [
      {
        "type": "Secret Keyword",
        "filename": "tests/unit/ai/test_ai_analysis_engine.py",
        "hashed_secret": "2e7a7ee14caebf378fc32d6cf6f557f347c96773",
        "is_verified": false,
        "line_number": 606
      },
      {
        "type": "Secret Keyword",
        "filename": "tests/unit/ai/test_ai_analysis_engine.py",
        "hashed_secret": "3acfb2c2b433c0ea7ff107e33df91b18e52f960f",
        "is_verified": false,
        "line_number": 1153
      }
    ],
    "tests/unit/ai/test_openai_provider.py": [
      {
        "type": "Secret Keyword",
        "filename": "tests/unit/ai/test_openai_provider.py",
        "hashed_secret": "2e7a7ee14caebf378fc32d6cf6f557f347c96773",
        "is_verified": false,
        "line_number": 36
      }
    ],
    "tests/unit/core/test_code_analyzer.py": [
      {
        "type": "Secret Keyword",
        "filename": "tests/unit/core/test_code_analyzer.py",
        "hashed_secret": "e5e9fa1ba31ecd1ae84f75caaa474f3a663f05f4",
        "is_verified": false,
        "line_number": 345
      }
    ],
    "tests/unit/core/test_error_responses.py": [
      {
        "type": "Secret Keyword",
        "filename": "tests/unit/core/test_error_responses.py",
        "hashed_secret": "f2b14f68eb995facb3a1c35287b778d5bd785511",
        "is_verified": false,
        "line_number": 285
      },
      {
        "type": "Secret Keyword",
        "filename": "tests/unit/core/test_error_responses.py",
        "hashed_secret": "3b1d161cc96b8f4e663225135ab6acd217142963",
        "is_verified": false,
        "line_number": 286
      }
    ],
    "tests/unit/core/test_simple_client_unit.py": [
      {
        "type": "Secret Keyword",
        "filename": "tests/unit/core/test_simple_client_unit.py",
        "hashed_secret": "206c80413b9a96c1312cc346b7d2517b84463edd",
        "is_verified": false,
        "line_number": 38
      }
    ],
    "tests/unit/integrations/test_kanban_client_with_create.py": [
      {
        "type": "Secret Keyword",
        "filename": "tests/unit/integrations/test_kanban_client_with_create.py",
        "hashed_secret": "206c80413b9a96c1312cc346b7d2517b84463edd",
        "is_verified": false,
        "line_number": 81
      },
      {
        "type": "Secret Keyword",
        "filename": "tests/unit/integrations/test_kanban_client_with_create.py",
        "hashed_secret": "89e495e7941cf9e40e6980d14a16bf023ccd4c91",
        "is_verified": false,
        "line_number": 124
      },
      {
        "type": "Secret Keyword",
        "filename": "tests/unit/integrations/test_kanban_client_with_create.py",
        "hashed_secret": "fd858ef1e811e28a823d60908b38df56e9e359e7",
        "is_verified": false,
        "line_number": 714
      }
    ],
    "tests/unit/integrations/test_mcp_kanban_client_simple.py": [
      {
        "type": "Secret Keyword",
        "filename": "tests/unit/integrations/test_mcp_kanban_client_simple.py",
        "hashed_secret": "789cbe0407840b1c2041cb33452ff60f19bf58cc",
        "is_verified": false,
        "line_number": 79
      },
      {
        "type": "Secret Keyword",
        "filename": "tests/unit/integrations/test_mcp_kanban_client_simple.py",
        "hashed_secret": "89e495e7941cf9e40e6980d14a16bf023ccd4c91",
        "is_verified": false,
        "line_number": 171
      },
      {
        "type": "Secret Keyword",
        "filename": "tests/unit/integrations/test_mcp_kanban_client_simple.py",
        "hashed_secret": "322b99b997a12e4c99e3aaf2982a8eb07f303e2e",
        "is_verified": false,
        "line_number": 178
      }
    ],
    "tests/unit/marcus_mcp/test_server.py": [
      {
        "type": "Secret Keyword",
        "filename": "tests/unit/marcus_mcp/test_server.py",
        "hashed_secret": "206c80413b9a96c1312cc346b7d2517b84463edd",
        "is_verified": false,
        "line_number": 130
      },
      {
        "type": "Secret Keyword",
        "filename": "tests/unit/marcus_mcp/test_server.py",
        "hashed_secret": "e5e9fa1ba31ecd1ae84f75caaa474f3a663f05f4",
        "is_verified": false,
        "line_number": 374
      }
    ]
  },
  "generated_at": "2025-10-05T11:59:46Z"
}
